QObject::connect: Cannot queue arguments of type 'QVector<int>'
(Make sure 'QVector<int>' is registered using qRegisterMetaType().)
QObject::connect: Cannot queue arguments of type 'QVector<int>'
(Make sure 'QVector<int>' is registered using qRegisterMetaType().)
[33m[ WARN] [1782817881.818385827]: Camera-only cloud is empty; not saving /home/agilex/Documents/PhDAlex/AGV-Mapping/maps/map_20260630_190704_camera.pcd[0m
[0m[ INFO] [1782817635.001921400]: PCD save sources: LiDAR=true Camera=true[0m
[0m[ INFO] [1782817635.022205304]: LiDAR accumulation enabled: /registered_cloud[0m
[0m[ INFO] [1782817635.031772632]: RealSense RGB cloud from aligned depth enabled: depth=/camera/aligned_depth_to_color/image_raw image=/camera/color/image_raw info=/camera/color/camera_info[0m
[0m[ INFO] [1782817635.064440760]: RealSense colorization enabled: image=/camera/color/image_raw info=/camera/color/camera_info[0m
[0m[ INFO] [1782817635.064545176]: RealSense accumulation rate 1.00 Hz, visualization rate 5.00 Hz, accumulated voxel 0.050 m, instant voxel 0.020 m, range 0.20-5.00 m[0m
[0m[ INFO] [1782817881.818115036]: Saved LiDAR-only cloud to /home/agilex/Documents/PhDAlex/AGV-Mapping/maps/map_20260630_190704_lidar.pcd[0m
[0m[ INFO] [1782817881.833057249]: Saved fused LiDAR+RGB camera cloud to /home/agilex/Documents/PhDAlex/AGV-Mapping/maps/map_20260630_190704_fused.pcd[0m
[0m[ INFO] [1782817635.212832312]: rviz version 1.13.30[0m
[0m[ INFO] [1782817635.212923960]: compiled against Qt version 5.9.5[0m
[0m[ INFO] [1782817635.212979000]: compiled against OGRE version 1.9.0 (Ghadamon)[0m
[0m[ INFO] [1782817635.234713464]: Forcing OpenGl version 0.[0m
[0m[ INFO] [1782817635.883864120]: Stereo is NOT SUPPORTED[0m
[0m[ INFO] [1782817635.884043992]: OpenGL device: NVIDIA Tegra Xavier (nvgpu)/integrated[0m
[0m[ INFO] [1782817635.884106328]: OpenGl version: 4.6 (GLSL 4.6).[0m
... logging to /home/agilex/.ros/log/d4d4fdbe-7473-11f1-b73f-48b02d3c846d/roslaunch-xavier-11101.log
Checking log directory for disk usage. This may take a while.
Press Ctrl-C to interrupt
Done checking log file disk usage. Usage is <1GB.
]2;/home/agilex/Documents/PhDAlex/AGV-Mapping/catkin_ws/src/scout_pointcloud_accumulator/launch/accumulate.launch
[1mstarted roslaunch server http://xavier:38569/[0m

SUMMARY
========

PARAMETERS
 * /accumulator_node/camera_accumulate_rate: 1.0
 * /accumulator_node/camera_color_topic: /camera/color/ima...
 * /accumulator_node/camera_depth_pixel_step: 2
 * /accumulator_node/camera_depth_topic: /camera/aligned_d...
 * /accumulator_node/camera_info_topic: /camera/color/cam...
 * /accumulator_node/camera_intensity: 0.0
 * /accumulator_node/camera_max_range: 5.0
 * /accumulator_node/camera_min_range: 0.2
 * /accumulator_node/camera_topic: /camera/depth/col...
 * /accumulator_node/camera_visualization_rate: 5.0
 * /accumulator_node/camera_visualization_voxel_size: 0.02
 * /accumulator_node/camera_voxel_size: 0.05
 * /accumulator_node/enable_camera: True
 * /accumulator_node/enable_camera_color: True
 * /accumulator_node/enable_lidar: True
 * /accumulator_node/lidar_topic: /registered_cloud
 * /accumulator_node/lidar_voxel_size: 0.05
 * /accumulator_node/output_pcd: /home/agilex/Docu...
 * /accumulator_node/save_camera: True
 * /accumulator_node/save_lidar: True
 * /accumulator_node/target_frame: map
 * /accumulator_node/transform_timeout: 0.5
 * /accumulator_node/use_aligned_depth_for_camera: True
 * /accumulator_node/use_latest_tf_on_failure: False
 * /accumulator_node/voxel_size: 0.05
 * /rosdistro: melodic
 * /rosversion: 1.14.13

NODES
  /
    accumulator_node (scout_pointcloud_accumulator/accumulator_node)
    base_link_to_realsense (scout_pointcloud_accumulator/static_transform_rpy.py)
    rviz (rviz/rviz)

[1mROS_MASTER_URI=http://localhost:11311[0m
]2;/home/agilex/Documents/PhDAlex/AGV-Mapping/catkin_ws/src/scout_pointcloud_accumulator/launch/accumulate.launch http://localhost:11311
[1mprocess[base_link_to_realsense-1]: started with pid [11296][0m
[1mprocess[accumulator_node-2]: started with pid [11297][0m
[1mprocess[rviz-3]: started with pid [11298][0m
[rviz-3] killing on exit
[accumulator_node-2] killing on exit
[base_link_to_realsense-1] killing on exit
shutting down processing monitor...
... shutting down processing monitor complete
[1mdone[0m
