... logging to /home/agilex/.ros/log/b9e5276e-7a0d-11f1-86a2-48b02d3c846d/roslaunch-xavier-7343.log
Checking log directory for disk usage. This may take a while.
Press Ctrl-C to interrupt
Done checking log file disk usage. Usage is <1GB.
]2;/home/agilex/Documents/PhDAlex/AGV-Mapping/catkin_ws/src/scout_pointcloud_accumulator/launch/realsense_mapping.launch
[1mstarted roslaunch server http://xavier:39063/[0m

SUMMARY
========

PARAMETERS
 * /camera/realsense2_camera/accel_fps: -1
 * /camera/realsense2_camera/accel_frame_id: camera_accel_frame
 * /camera/realsense2_camera/accel_optical_frame_id: camera_accel_opti...
 * /camera/realsense2_camera/align_depth: False
 * /camera/realsense2_camera/aligned_depth_to_color_frame_id: camera_aligned_de...
 * /camera/realsense2_camera/aligned_depth_to_fisheye1_frame_id: camera_aligned_de...
 * /camera/realsense2_camera/aligned_depth_to_fisheye2_frame_id: camera_aligned_de...
 * /camera/realsense2_camera/aligned_depth_to_fisheye_frame_id: camera_aligned_de...
 * /camera/realsense2_camera/aligned_depth_to_infra1_frame_id: camera_aligned_de...
 * /camera/realsense2_camera/aligned_depth_to_infra2_frame_id: camera_aligned_de...
 * /camera/realsense2_camera/allow_no_texture_points: False
 * /camera/realsense2_camera/base_frame_id: camera_link
 * /camera/realsense2_camera/calib_odom_file: 
 * /camera/realsense2_camera/clip_distance: -1.0
 * /camera/realsense2_camera/color_fps: 6
 * /camera/realsense2_camera/color_frame_id: camera_color_frame
 * /camera/realsense2_camera/color_height: 480
 * /camera/realsense2_camera/color_optical_frame_id: camera_color_opti...
 * /camera/realsense2_camera/color_width: 640
 * /camera/realsense2_camera/confidence_fps: -1
 * /camera/realsense2_camera/confidence_height: -1
 * /camera/realsense2_camera/confidence_width: -1
 * /camera/realsense2_camera/depth_fps: 6
 * /camera/realsense2_camera/depth_frame_id: camera_depth_frame
 * /camera/realsense2_camera/depth_height: 480
 * /camera/realsense2_camera/depth_optical_frame_id: camera_depth_opti...
 * /camera/realsense2_camera/depth_width: 640
 * /camera/realsense2_camera/device_type: 
 * /camera/realsense2_camera/enable_accel: False
 * /camera/realsense2_camera/enable_color: True
 * /camera/realsense2_camera/enable_confidence: True
 * /camera/realsense2_camera/enable_depth: True
 * /camera/realsense2_camera/enable_fisheye1: False
 * /camera/realsense2_camera/enable_fisheye2: False
 * /camera/realsense2_camera/enable_fisheye: False
 * /camera/realsense2_camera/enable_gyro: False
 * /camera/realsense2_camera/enable_infra1: False
 * /camera/realsense2_camera/enable_infra2: False
 * /camera/realsense2_camera/enable_infra: False
 * /camera/realsense2_camera/enable_pointcloud: True
 * /camera/realsense2_camera/enable_pose: False
 * /camera/realsense2_camera/enable_sync: False
 * /camera/realsense2_camera/filters: 
 * /camera/realsense2_camera/fisheye1_frame_id: camera_fisheye1_f...
 * /camera/realsense2_camera/fisheye1_optical_frame_id: camera_fisheye1_o...
 * /camera/realsense2_camera/fisheye2_frame_id: camera_fisheye2_f...
 * /camera/realsense2_camera/fisheye2_optical_frame_id: camera_fisheye2_o...
 * /camera/realsense2_camera/fisheye_fps: -1
 * /camera/realsense2_camera/fisheye_frame_id: camera_fisheye_frame
 * /camera/realsense2_camera/fisheye_height: -1
 * /camera/realsense2_camera/fisheye_optical_frame_id: camera_fisheye_op...
 * /camera/realsense2_camera/fisheye_width: -1
 * /camera/realsense2_camera/gyro_fps: -1
 * /camera/realsense2_camera/gyro_frame_id: camera_gyro_frame
 * /camera/realsense2_camera/gyro_optical_frame_id: camera_gyro_optic...
 * /camera/realsense2_camera/imu_optical_frame_id: camera_imu_optica...
 * /camera/realsense2_camera/infra1_frame_id: camera_infra1_frame
 * /camera/realsense2_camera/infra1_optical_frame_id: camera_infra1_opt...
 * /camera/realsense2_camera/infra2_frame_id: camera_infra2_frame
 * /camera/realsense2_camera/infra2_optical_frame_id: camera_infra2_opt...
 * /camera/realsense2_camera/infra_fps: -1
 * /camera/realsense2_camera/infra_height: -1
 * /camera/realsense2_camera/i[33m[ WARN] [1783509609.022204649]: Param '/camera/rgb_camera/power_line_frequency' has value 3 that is not in the enum { {50Hz: 1} {60Hz: 2} {Disabled: 0} }. Removing this parameter from dynamic reconfigure options.[0m
[33m[ WARN] [1783509609.745918145]: [0m
[0m[ INFO] [1783509608.079369814]: Initializing nodelet with 8 worker threads.[0m
[0m[ INFO] [1783509608.551931904]: RealSense ROS v2.2.22[0m
[0m[ INFO] [1783509608.552029798]: Built with LibRealSense v2.57.6[0m
[0m[ INFO] [1783509608.552075880]: Running with LibRealSense v2.57.6[0m
[0m[ INFO] [1783509608.606821277]:  [0m
[0m[ INFO] [1783509608.612115176]: Device with serial number 135522077961 was found.
[0m
[0m[ INFO] [1783509608.612382392]: Device with physical ID /sys/devices/3610000.xhci/usb2/2-4/2-4.1/2-4.1.4/2-4.1.4:1.0/video4linux/video0 was found.[0m
[0m[ INFO] [1783509608.612510815]: Device with name Intel RealSense D435 was found.[0m
[0m[ INFO] [1783509608.613655071]: Device with port number 2-4.1.4 was found.[0m
[0m[ INFO] [1783509608.613813832]: Device USB type: 3.2[0m
[0m[ INFO] [1783509608.619212537]: getParameters...[0m
[0m[ INFO] [1783509608.871889245]: setupDevice...[0m
[0m[ INFO] [1783509608.872019876]: JSON file is not provided[0m
[0m[ INFO] [1783509608.872063815]: ROS Node Namespace: camera[0m
[0m[ INFO] [1783509608.872111914]: Device Name: Intel RealSense D435[0m
[0m[ INFO] [1783509608.872145195]: Device Serial No: 135522077961[0m
[0m[ INFO] [1783509608.872178765]: Device physical port: /sys/devices/3610000.xhci/usb2/2-4/2-4.1/2-4.1.4/2-4.1.4:1.0/video4linux/video0[0m
[0m[ INFO] [1783509608.872213487]: Device FW version: 5.17.0.10[0m
[0m[ INFO] [1783509608.872287604]: Device Product ID: 0x0B07[0m
[0m[ INFO] [1783509608.872344951]: Enable PointCloud: On[0m
[0m[ INFO] [1783509608.872428379]: Align Depth: Off[0m
[0m[ INFO] [1783509608.872458205]: Sync Mode: On[0m
[0m[ INFO] [1783509608.872569155]: Device Sensors: [0m
[0m[ INFO] [1783509608.877752968]: Stereo Module was found.[0m
[0m[ INFO] [1783509608.886999987]: RGB Camera was found.[0m
[0m[ INFO] [1783509608.887131802]: (Confidence, 0) sensor isn't supported by current device! -- Skipping...[0m
[0m[ INFO] [1783509608.887200734]: Add Filter: pointcloud[0m
[0m[ INFO] [1783509608.887502511]: num_filters: 1[0m
[0m[ INFO] [1783509608.887546770]: Setting Dynamic reconfig parameters.[0m
[0m[ INFO] [1783509609.059323995]: Done Setting Dynamic reconfig parameters.[0m
[0m[ INFO] [1783509609.060390295]: depth stream is enabled - width: 640, height: 480, fps: 6, Format: Z16[0m
[0m[ INFO] [1783509609.061581402]: color stream is enabled - width: 640, height: 480, fps: 6, Format: RGB8[0m
[0m[ INFO] [1783509609.061674111]: setupPublishers...[0m
[0m[ INFO] [1783509609.074501844]: Expected frequency for depth = 6.00000[0m
[0m[ INFO] [1783509609.226781903]: Expected frequency for color = 6.00000[0m
[0m[ INFO] [1783509609.340796025]: setupStreams...[0m
[0m[ INFO] [1783509609.342252811]: insert Depth to Stereo Module[0m
[0m[ INFO] [1783509609.342401236]: insert Color to RGB Camera[0m
[0m[ INFO] [1783509609.351944975]: SELECTED BASE:Depth, 0[0m
[0m[ INFO] [1783509609.407155102]: RealSense Node Is Up![0m
[0m[ INFO] [1783509615.675476338]: publishing unordered pointcloud.[0m
nfra_rgb: False
 * /camera/realsense2_camera/infra_width: -1
 * /camera/realsense2_camera/initial_reset: False
 * /camera/realsense2_camera/json_file_path: 
 * /camera/realsense2_camera/linear_accel_cov: 0.01
 * /camera/realsense2_camera/odom_frame_id: camera_odom_frame
 * /camera/realsense2_camera/ordered_pc: False
 * /camera/realsense2_camera/pointcloud_texture_index: 0
 * /camera/realsense2_camera/pointcloud_texture_stream: RS2_STREAM_COLOR
 * /camera/realsense2_camera/pose_frame_id: camera_pose_frame
 * /camera/realsense2_camera/pose_optical_frame_id: camera_pose_optic...
 * /camera/realsense2_camera/publish_odom_tf: True
 * /camera/realsense2_camera/publish_tf: True
 * /camera/realsense2_camera/rosbag_filename: 
 * /camera/realsense2_camera/serial_no: 
 * /camera/realsense2_camera/tf_publish_rate: 0.0
 * /camera/realsense2_camera/topic_odom_in: odom_in
 * /camera/realsense2_camera/unite_imu_method: 
 * /camera/realsense2_camera/usb_port_id: 
 * /rosdistro: melodic
 * /rosversion: 1.14.13

NODES
  /camera/
    realsense2_camera (nodelet/nodelet)
    realsense2_camera_manager (nodelet/nodelet)

[1mROS_MASTER_URI=http://localhost:11311[0m
]2;/home/agilex/Documents/PhDAlex/AGV-Mapping/catkin_ws/src/scout_pointcloud_accumulator/launch/realsense_mapping.launch http://localhost:11311
[1mprocess[camera/realsense2_camera_manager-1]: started with pid [7475][0m
[1mprocess[camera/realsense2_camera-2]: started with pid [7479][0m
[camera/realsense2_camera-2] killing on exit
[camera/realsense2_camera_manager-1] killing on exit
shutting down processing monitor...
... shutting down processing monitor complete
[1mdone[0m
